// Jest Snapshot v1, https://goo.gl/fbAQLP

exports[`getBoardList returns an array of all boards in the vuex store 1`] = `
Array [
  Board {
    "id": "1",
    "name": "G major arpeggio - pos. 1",
    "noteMatrix": null,
    "notePreferences": Object {
      "A": "A",
      "A#": "B♭",
      "B": "B",
      "C": "C",
      "C#": "C#",
      "D": "D",
      "D#": "E♭",
      "E": "E",
      "F": "F",
      "F#": "F#",
      "G": "G",
      "G#": "A♭",
    },
    "numFrets": 19,
    "numStrings": 4,
    "openTuning": Array [
      "E",
      "A",
      "D",
      "G",
    ],
    "positions": Array [
      Object {
        "fret": 3,
        "string": 0,
      },
      Object {
        "fret": 2,
        "string": 1,
      },
      Object {
        "fret": 5,
        "string": 1,
      },
      Object {
        "fret": 0,
        "string": 2,
      },
      Object {
        "fret": 0,
        "string": 3,
      },
      Object {
        "fret": 4,
        "string": 3,
      },
      Object {
        "fret": 5,
        "string": 2,
      },
    ],
    "root": "G",
    "startingFret": 0,
  },
  Board {
    "id": "2",
    "name": "C major arpeggio - pos. 1",
    "noteMatrix": null,
    "notePreferences": Object {
      "A": "A",
      "A#": "B♭",
      "B": "B",
      "C": "C",
      "C#": "C#",
      "D": "D",
      "D#": "E♭",
      "E": "E",
      "F": "F",
      "F#": "F#",
      "G": "G",
      "G#": "A♭",
    },
    "numFrets": 6,
    "numStrings": 4,
    "openTuning": Array [
      "E",
      "A",
      "D",
      "G",
    ],
    "positions": Array [
      Object {
        "fret": 5,
        "string": 3,
      },
      Object {
        "fret": 2,
        "string": 2,
      },
      Object {
        "fret": 5,
        "string": 2,
      },
      Object {
        "fret": 3,
        "string": 1,
      },
      Object {
        "fret": 0,
        "string": 0,
      },
      Object {
        "fret": 3,
        "string": 0,
      },
    ],
    "root": "C",
    "startingFret": 0,
  },
  Board {
    "id": "3",
    "name": "A major scale - pos. 2",
    "noteMatrix": null,
    "notePreferences": Object {
      "A": "A",
      "A#": "B♭",
      "B": "B",
      "C": "C",
      "C#": "C#",
      "D": "D",
      "D#": "E♭",
      "E": "E",
      "F": "F",
      "F#": "F#",
      "G": "G",
      "G#": "A♭",
    },
    "numFrets": 7,
    "numStrings": 4,
    "openTuning": Array [
      "E",
      "A",
      "D",
      "G",
    ],
    "positions": Array [
      Object {
        "fret": 0,
        "string": 0,
      },
      Object {
        "fret": 2,
        "string": 0,
      },
      Object {
        "fret": 3,
        "string": 0,
      },
      Object {
        "fret": 5,
        "string": 0,
      },
      Object {
        "fret": 0,
        "string": 1,
      },
      Object {
        "fret": 2,
        "string": 1,
      },
      Object {
        "fret": 4,
        "string": 1,
      },
      Object {
        "fret": 5,
        "string": 1,
      },
      Object {
        "fret": 0,
        "string": 2,
      },
      Object {
        "fret": 2,
        "string": 2,
      },
      Object {
        "fret": 4,
        "string": 2,
      },
      Object {
        "fret": 5,
        "string": 2,
      },
      Object {
        "fret": 0,
        "string": 3,
      },
      Object {
        "fret": 2,
        "string": 3,
      },
      Object {
        "fret": 4,
        "string": 3,
      },
      Object {
        "fret": 6,
        "string": 3,
      },
    ],
    "root": "A",
    "startingFret": 7,
  },
]
`;
